// Jest Snapshot v1, https://goo.gl/fbAQLP

exports[`confirm the two expected links are present 1`] = `
<footer
  className="footer css-1i3mvty"
>
  <a
    className="css-gq9b4g"
    href="/"
    onClick={[Function]}
    visualstate="default"
  >
    My List
  </a>
  <a
    className="css-gq9b4g"
    href="/add-item"
    onClick={[Function]}
    visualstate="default"
  >
    Add Item
  </a>
</footer>
`;

exports[`snapshot on load 1`] = `
<footer
  className="footer css-1i3mvty"
>
  <a
    className="css-gq9b4g"
    href="/"
    onClick={[Function]}
    visualstate="default"
  >
    My List
  </a>
  <a
    className="css-gq9b4g"
    href="/add-item"
    onClick={[Function]}
    visualstate="default"
  >
    Add Item
  </a>
</footer>
`;
