// Jest Snapshot v1, https://goo.gl/fbAQLP

exports[`snapshot on load 1`] = `
<main
  className="page-wrapper css-vdsylo"
>
  <header
    className="header css-527nkd"
  >
    <a
      className="back-link css-nuywz6"
      href="/"
      onClick={[Function]}
      visualstate="hidden"
    >
      Go Back
    </a>
    <a
      className="title-link css-gq9b4g"
      href="/"
      onClick={[Function]}
      visualstate="default"
    >
      <h1
        className="css-r73csp"
      >
        iNeedToBuy
      </h1>
    </a>
    <a
      className="example-link css-gq9b4g"
      href="http://app.ineedtobuy.xyz/"
      rel="no-referrer"
      visualstate="default"
    >
      See Example
    </a>
  </header>
  <section
    className="content-wrapper css-1xpf03y"
  >
    <h2
      className="welcomeTitle"
    >
      Welcome to your smart shopping list!
    </h2>
    <h3
      className="tagline"
    >
      Click "Create Shopping Lists" to start.
    </h3>
    <a
      className="create-list-link css-gq9b4g"
      href="/"
      onClick={[Function]}
      visualstate="default"
    >
      Create Shopping List
    </a>
  </section>
</main>
`;
